CE40-INJECTION_17-0-10.HDF-0-10.hdf /home/aakyuz/tutorial/workflow_outputs/CE40-INFERENCE_/HOME/AAKYUZ/TUTORIAL/INJECTIONS/CE40-INJECTION_17-0-10.HDF-0-10.hdf pool="local"
CE40-INJECTION_17-0-10.HDFDEMARG-0-10.hdf /home/aakyuz/tutorial/workflow_outputs/CE40-DEMARG_/HOME/AAKYUZ/TUTORIAL/INJECTIONS/CE40-INJECTION_17-0-10.HDFDEMARG-0-10.hdf pool="local"
CE40-INJECTION_17-0-10.HDFDEMARG-0-10.png /home/aakyuz/tutorial/workflow_outputs/CE40-PLOT_/HOME/AAKYUZ/TUTORIAL/INJECTIONS/CE40-INJECTION_17-0-10.HDFDEMARG-0-10.png pool="local"
CE40-INJECTION_35-0-10.HDF-0-10.hdf /home/aakyuz/tutorial/workflow_outputs/CE40-INFERENCE_/HOME/AAKYUZ/TUTORIAL/INJECTIONS/CE40-INJECTION_35-0-10.HDF-0-10.hdf pool="local"
CE40-INJECTION_35-0-10.HDFDEMARG-0-10.hdf /home/aakyuz/tutorial/workflow_outputs/CE40-DEMARG_/HOME/AAKYUZ/TUTORIAL/INJECTIONS/CE40-INJECTION_35-0-10.HDFDEMARG-0-10.hdf pool="local"
CE40-INJECTION_35-0-10.HDFDEMARG-0-10.png /home/aakyuz/tutorial/workflow_outputs/CE40-PLOT_/HOME/AAKYUZ/TUTORIAL/INJECTIONS/CE40-INJECTION_35-0-10.HDFDEMARG-0-10.png pool="local"
